E0= -5.560960262062946
0 0.9999999999999996
1 1.000000000000001
2 0.9999999999999999
3 1.0000000000000004
4 1.0
5 1.000000000000001
MPO site    0 /    6
MPO site    1 /    6
MPO site    2 /    6
MPO site    3 /    6
MPO site    4 /    6
Time elapsed =      0.126 | E =   -5.560960260485841 | DE = 0.00E+00 | MDW = 8.13E-15 | MEM = 60.2 MB
Time sweep =      0.126 | Time davidson =      0.000 | Time decomp =      0.025
Time elapsed =      0.177 | E =   -5.560960262044967 | DE = 1.56E-09 | MDW = 1.09E-14 | MEM = 60.4 MB
Time sweep =      0.050 | Time davidson =      0.000 | Time decomp =      0.023
Time elapsed =      0.226 | E =   -5.560960262062833 | DE = 1.79E-11 | MDW = 4.13E-15 | MEM = 60.5 MB
Time sweep =      0.050 | Time davidson =      0.000 | Time decomp =      0.019
Time elapsed =      0.282 | E =   -5.560960262062948 | DE = 1.15E-13 | MDW = 1.44E-15 | MEM = 60.5 MB
Time sweep =      0.056 | Time davidson =      0.000 | Time decomp =      0.003
i=0,norm=1.0000000000000007,q=1.0000000000093106
i=1,norm=1.0000000000000007,q=0.9999999999991526
i=2,norm=1.0000000000000007,q=1.0000000000067764
i=3,norm=1.0000000000000007,q=0.9999999999872456
i=4,norm=1.0000000000000007,q=1.0000000000002274
i=5,norm=1.0000000000000007,q=0.9999999999972871
MPO site    0 /    6
MPO site    1 /    6
MPO site    2 /    6
MPO site    3 /    6
MPO site    4 /    6
t=0.1,norm=(0.9999999999990694+1.1057766451194274e-18j),q=(0.997861787222926+7.277239723322575e-20j)
t=0.2,norm=(0.9999999999981156-3.804593281205152e-18j),q=(0.9915149355017725-4.05893205202268e-18j)
t=0.30000000000000004,norm=(0.9999999999971367+3.812660977283361e-18j),q=(0.9811590813216666+2.420490716472401e-18j)
t=0.4,norm=(0.9999999999961839-5.385327066283809e-18j),q=(0.9671148526592795+7.664625339297815e-18j)
t=0.5,norm=(0.9999999999952038-1.0788050981620527e-17j),q=(0.949806723992232-2.3035055202512274e-17j)
t=0.6000000000000001,norm=(0.9999999999942228-3.7428882538404217e-17j),q=(0.9297409489175898-1.613716151504963e-17j)
t=0.7000000000000001,norm=(0.9999999999932603+4.231048737242226e-18j),q=(0.9074802404192076-9.280932778522137e-18j)
t=0.8,norm=(0.999999999992307+3.825240494469823e-18j),q=(0.8836170498611625+2.880720427515215e-17j)
t=0.9,norm=(0.9999999999913529+2.2560463228996254e-17j),q=(0.858747265689635+1.0353732206334366e-17j)
t=1.0,norm=(0.9999999999904012-3.873723204532781e-18j),q=(0.8334459891401276-1.246528737899044e-17j)
