E0= -2.9120439557122078
[-1.088566 -0.367456  0.367456  1.088566 -1.088566 -0.367456  0.367456  1.088566]
[1 1 0 0 1 1 0 0]
4.47213595499958
[[[ 0.      +0.j       -0.994081+0.108642j -0.976394+0.215997j -0.947148+0.320796j -0.90669 +0.421797j]
  [ 0.      +0.j        0.      +0.j       -0.994081+0.108642j -0.976394+0.215997j -0.947148+0.320796j]
  [ 0.      +0.j        0.      +0.j        0.      +0.j       -0.994081+0.108642j -0.976394+0.215997j]
  [ 0.      +0.j        0.      +0.j        0.      +0.j        0.      +0.j       -0.994081+0.108642j]
  [ 0.      +0.j        0.      +0.j        0.      +0.j        0.      +0.j        0.      +0.j      ]]

 [[ 0.      +0.j       -0.999325+0.036737j -0.997301+0.073425j -0.99393 +0.110014j -0.989218+0.146454j]
  [ 0.      +0.j        0.      +0.j       -0.999325+0.036737j -0.997301+0.073425j -0.99393 +0.110014j]
  [ 0.      +0.j        0.      +0.j        0.      +0.j       -0.999325+0.036737j -0.997301+0.073425j]
  [ 0.      +0.j        0.      +0.j        0.      +0.j        0.      +0.j       -0.999325+0.036737j]
  [ 0.      +0.j        0.      +0.j        0.      +0.j        0.      +0.j        0.      +0.j      ]]

 [[ 1.      +0.j        0.      +0.j        0.      +0.j        0.      +0.j        0.      +0.j      ]
  [ 0.999325-0.036737j  1.      +0.j        0.      +0.j        0.      +0.j        0.      +0.j      ]
  [ 0.997301-0.073425j  0.999325-0.036737j  1.      +0.j        0.      +0.j        0.      +0.j      ]
  [ 0.99393 -0.110014j  0.997301-0.073425j  0.999325-0.036737j  1.      +0.j        0.      +0.j      ]
  [ 0.989218-0.146454j  0.99393 -0.110014j  0.997301-0.073425j  0.999325-0.036737j  1.      +0.j      ]]

 [[ 1.      +0.j        0.      +0.j        0.      +0.j        0.      +0.j        0.      +0.j      ]
  [ 0.994081-0.108642j  1.      +0.j        0.      +0.j        0.      +0.j        0.      +0.j      ]
  [ 0.976394-0.215997j  0.994081-0.108642j  1.      +0.j        0.      +0.j        0.      +0.j      ]
  [ 0.947148-0.320796j  0.976394-0.215997j  0.994081-0.108642j  1.      +0.j        0.      +0.j      ]
  [ 0.90669 -0.421797j  0.947148-0.320796j  0.976394-0.215997j  0.994081-0.108642j  1.      +0.j      ]]]
[[[-1.      +0.j       -0.994081+0.108642j -0.976394+0.215997j -0.947148+0.320796j -0.90669 +0.421797j]
  [ 0.      +0.j       -1.      +0.j       -0.994081+0.108642j -0.976394+0.215997j -0.947148+0.320796j]
  [ 0.      +0.j        0.      +0.j       -1.      +0.j       -0.994081+0.108642j -0.976394+0.215997j]
  [ 0.      +0.j        0.      +0.j        0.      +0.j       -1.      +0.j       -0.994081+0.108642j]
  [ 0.      +0.j        0.      +0.j        0.      +0.j        0.      +0.j       -1.      +0.j      ]]

 [[-1.      +0.j       -0.999325+0.036737j -0.997301+0.073425j -0.99393 +0.110014j -0.989218+0.146454j]
  [ 0.      +0.j       -1.      +0.j       -0.999325+0.036737j -0.997301+0.073425j -0.99393 +0.110014j]
  [ 0.      +0.j        0.      +0.j       -1.      +0.j       -0.999325+0.036737j -0.997301+0.073425j]
  [ 0.      +0.j        0.      +0.j        0.      +0.j       -1.      +0.j       -0.999325+0.036737j]
  [ 0.      +0.j        0.      +0.j        0.      +0.j        0.      +0.j       -1.      +0.j      ]]

 [[ 0.      +0.j        0.      +0.j        0.      +0.j        0.      +0.j        0.      +0.j      ]
  [ 0.999325-0.036737j  0.      +0.j        0.      +0.j        0.      +0.j        0.      +0.j      ]
  [ 0.997301-0.073425j  0.999325-0.036737j  0.      +0.j        0.      +0.j        0.      +0.j      ]
  [ 0.99393 -0.110014j  0.997301-0.073425j  0.999325-0.036737j  0.      +0.j        0.      +0.j      ]
  [ 0.989218-0.146454j  0.99393 -0.110014j  0.997301-0.073425j  0.999325-0.036737j  0.      +0.j      ]]

 [[ 0.      +0.j        0.      +0.j        0.      +0.j        0.      +0.j        0.      +0.j      ]
  [ 0.994081-0.108642j  0.      +0.j        0.      +0.j        0.      +0.j        0.      +0.j      ]
  [ 0.976394-0.215997j  0.994081-0.108642j  0.      +0.j        0.      +0.j        0.      +0.j      ]
  [ 0.947148-0.320796j  0.976394-0.215997j  0.994081-0.108642j  0.      +0.j        0.      +0.j      ]
  [ 0.90669 -0.421797j  0.947148-0.320796j  0.976394-0.215997j  0.994081-0.108642j  0.      +0.j      ]]]
